[Licensing::Module] Trying to connect to existing licensing client channel...
Built from '6000.2/staging' branch; Version is '6000.2.12f1 (e89d5df0e333) revision 15244637'; Using compiler version '194234433'; Build Type 'Release'
OS: 'Windows 11  (10.0.26100) 64bit Core' Language: 'en' Physical Memory: 15942 MB
BatchMode: 1, IsHumanControllingUs: 0, StartBugReporterOnCrash: 0, Is64bit: 1
Date: 2025-12-02T12:25:31Z
[Licensing::IpcConnector] Successfully connected to: "LicenseClient-assel" at "2025-12-02T12:25:31.2110503Z"

COMMAND LINE ARGUMENTS:
C:\Program Files\Unity\Hub\Editor\6000.2.12f1\Editor\Unity.exe
-adb2
-batchMode
-noUpm
-name
AssetImportWorker6
-projectPath
C:/Users/assel/skuska
-logFile
Logs/AssetImportWorker6.log
-srvPort
51994
-job-worker-count
5
-background-job-worker-count
8
-gc-helper-count
1
-name
AssetImport
Successfully changed project path to: C:/Users/assel/skuska
C:/Users/assel/skuska
[UnityMemory] Configuration Parameters - Can be set up in boot.config
    "memorysetup-allocator-temp-initial-block-size-main=262144"
    "memorysetup-allocator-temp-initial-block-size-worker=262144"
    "memorysetup-bucket-allocator-granularity=16"
    "memorysetup-bucket-allocator-bucket-count=8"
    "memorysetup-bucket-allocator-block-size=33554432"
    "memorysetup-bucket-allocator-block-count=8"
    "memorysetup-main-allocator-block-size=16777216"
    "memorysetup-thread-allocator-block-size=16777216"
    "memorysetup-gfx-main-allocator-block-size=16777216"
    "memorysetup-gfx-thread-allocator-block-size=16777216"
    "memorysetup-cache-allocator-block-size=4194304"
    "memorysetup-typetree-allocator-block-size=2097152"
    "memorysetup-profiler-bucket-allocator-granularity=16"
    "memorysetup-profiler-bucket-allocator-bucket-count=8"
    "memorysetup-profiler-bucket-allocator-block-size=33554432"
    "memorysetup-profiler-bucket-allocator-block-count=8"
    "memorysetup-profiler-allocator-block-size=16777216"
    "memorysetup-profiler-editor-allocator-block-size=1048576"
    "memorysetup-temp-allocator-size-main=16777216"
    "memorysetup-job-temp-allocator-block-size=2097152"
    "memorysetup-job-temp-allocator-block-size-background=1048576"
    "memorysetup-job-temp-allocator-reduction-small-platforms=262144"
    "memorysetup-temp-allocator-size-background-worker=32768"
    "memorysetup-temp-allocator-size-job-worker=262144"
    "memorysetup-temp-allocator-size-preload-manager=33554432"
    "memorysetup-temp-allocator-size-nav-mesh-worker=65536"
    "memorysetup-temp-allocator-size-audio-worker=65536"
    "memorysetup-temp-allocator-size-cloud-worker=32768"
    "memorysetup-temp-allocator-size-gi-baking-worker=262144"
    "memorysetup-temp-allocator-size-gi-baking-worker=262144"
    "memorysetup-temp-allocator-size-gi-baking-worker=262144"
    "memorysetup-temp-allocator-size-gi-baking-worker=262144"
    "memorysetup-temp-allocator-size-gi-baking-worker=262144"
    "memorysetup-temp-allocator-size-gfx=262144"
Player connection [23428]  Target information:

Player connection [23428]  * "[IP] 192.168.1.3 [Port] 0 [Flags] 2 [Guid] 1777417484 [EditorId] 1777417484 [Version] 1048832 [Id] WindowsEditor(7,ASSEL) [Debug] 1 [PackageName] WindowsEditor [ProjectName] Editor" 

Player connection [23428]  * "[IP] 10.10.30.95 [Port] 0 [Flags] 2 [Guid] 1777417484 [EditorId] 1777417484 [Version] 1048832 [Id] WindowsEditor(7,ASSEL) [Debug] 1 [PackageName] WindowsEditor [ProjectName] Editor" 

Player connection [23428] Host joined multi-casting on [225.0.0.222:54997]...
Player connection [23428] Host joined alternative multi-casting on [225.0.0.222:34997]...
JobSystem: Creating JobQueue using job-worker-count value 5
Input System module state changed to: Initialized.
[Physics::Module] Initialized fallback backend.
[Physics::Module] Id: 0xdecafbad
Library Redirect Path: Library/
[Physics::Module] Selected backend.
[Physics::Module] Name: PhysX
[Physics::Module] Id: 0xf2b8ea05
[Physics::Module] SDK Version: 4.1.2
[Physics::Module] Integration Version: 1.0.0
[Physics::Module] Threading Mode: Multi-Threaded
Refreshing native plugins compatible for Editor in 5.68 ms, found 3 plugins.
Preloading 0 native plugins for Editor in 0.00 ms.
Initialize engine version: 6000.2.12f1 (e89d5df0e333)
[Subsystems] Discovering subsystems at path C:/Program Files/Unity/Hub/Editor/6000.2.12f1/Editor/Data/Resources/UnitySubsystems
[Subsystems] Discovering subsystems at path C:/Users/assel/skuska/Assets
GfxDevice: creating device client; kGfxThreadingModeNonThreaded
Direct3D:
    Version:  Direct3D 11.0 [level 11.1]
    Renderer: Intel(R) Iris(R) Xe Graphics (ID=0x46a8)
    Vendor:   Intel
    VRAM:     7971 MB
    Driver:   31.0.101.5333
Initialize mono
Mono path[0] = 'C:/Program Files/Unity/Hub/Editor/6000.2.12f1/Editor/Data/Managed'
Mono path[1] = 'C:/Program Files/Unity/Hub/Editor/6000.2.12f1/Editor/Data/MonoBleedingEdge/lib/mono/unityjit-win32'
Mono config path = 'C:/Program Files/Unity/Hub/Editor/6000.2.12f1/Editor/Data/MonoBleedingEdge/etc'
Using monoOptions --debugger-agent=transport=dt_socket,embedding=1,server=y,suspend=n,address=127.0.0.1:56912
Begin MonoManager ReloadAssembly
[Licensing::Client] Error: HandshakeResponse reported an error:
	ResponseCode: 505
	ResponseStatus: Unsupported protocol version '1.17.4'.
[Licensing::Module] Error: Failed to handshake to channel: "LicenseClient-assel"
[Licensing::IpcConnector] LicenseClient-assel channel disconnected successfully.
[Licensing::IpcConnector] Successfully connected to: "LicenseClient-assel-6000.2.12" at "2025-12-02T12:25:36.2513837Z"
Registering precompiled unity dll's ...
Register platform support module: C:/Program Files/Unity/Hub/Editor/6000.2.12f1/Editor/Data/PlaybackEngines/WindowsStandaloneSupport/UnityEditor.WindowsStandalone.Extensions.dll
[Licensing::Module] Licensing is not yet initialized.
[Licensing::Client] Handshaking with LicensingClient:
  Version:                 1.17.4+4293ba1
  Session Id:              96088d56a30f4e31aa426ec50101150d
  Correlation Id:          7ea788e771f1b0e8de18aab6f5011f5f
  External correlation Id: 7719051469167825533
  Machine Id:              06lnmavVSsKsGiaawoDn6YYoI+U=
[Licensing::Module] Successfully connected to LicensingClient on channel: "LicenseClient-assel-6000.2.12" (connect: 0.00s, validation: 0.00s, handshake: 4.01s)
[Licensing::IpcConnector] Successfully connected to: "LicenseClient-assel-6000.2.12-notifications" at "2025-12-02T12:25:40.2688246Z"
[Licensing::Module] Licensing Background thread has ended after 9.06s
[Licensing::Module] Licensing is initialized (took 3.15s).
[Licensing::Client] Successfully resolved entitlement details
[Licensing::Module] License group:
  Id: 7972514418693-assel_syzdykova-UnityProStuXXXX
  Product: Unity Student
  Type: Assigned
  Expiration: 2026-11-16T12:54:31Z
Register platform support module: C:/Program Files/Unity/Hub/Editor/6000.2.12f1/Editor/Data/PlaybackEngines/MetroSupport/UnityEditor.UWP.Extensions.dll
[Licensing::Client] Successfully resolved entitlement details
Register platform support module: C:/Program Files/Unity/Hub/Editor/6000.2.12f1/Editor/Data/PlaybackEngines/AndroidPlayer/UnityEditor.Android.Extensions.dll
Registered in 3.169541 seconds.
- Loaded All Assemblies, in  4.859 seconds
Native extension for Android target not found
Android Extension - Scanning For ADB Devices 1605 ms
Native extension for UWP target not found
Native extension for WindowsStandalone target not found
Mono: successfully reloaded assembly
- Finished resetting the current domain, in  2.957 seconds
Domain Reload Profiling: 7808ms
	BeginReloadAssembly (880ms)
		ExecutionOrderSort (0ms)
		DisableScriptedObjects (0ms)
		BackupInstance (0ms)
		ReleaseScriptingObjects (0ms)
		CreateAndSetChildDomain (46ms)
	RebuildCommonClasses (129ms)
	RebuildNativeTypeToScriptingClass (45ms)
	initialDomainReloadingComplete (3321ms)
	LoadAllAssembliesAndSetupDomain (476ms)
		LoadAssemblies (833ms)
		RebuildTransferFunctionScriptingTraits (0ms)
		AnalyzeDomain (458ms)
			TypeCache.Refresh (454ms)
				TypeCache.ScanAssembly (423ms)
			BuildScriptInfoCaches (0ms)
			ResolveRequiredComponents (1ms)
	FinalizeReload (2958ms)
		ReleaseScriptCaches (0ms)
		RebuildScriptCaches (0ms)
		SetupLoadedEditorAssemblies (2843ms)
			LogAssemblyErrors (0ms)
			InitializePlatformSupportModulesInManaged (2002ms)
			SetLoadedEditorAssemblies (24ms)
			BeforeProcessingInitializeOnLoad (170ms)
			ProcessInitializeOnLoadAttributes (493ms)
			ProcessInitializeOnLoadMethodAttributes (154ms)
			AfterProcessingInitializeOnLoad (0ms)
			EditorAssembliesLoaded (0ms)
		ExecutionOrderSort2 (0ms)
		AwakeInstancesAfterBackupRestoration (0ms)
========================================================================
Worker process is ready to serve import requests
Import Worker Mode flag is 0x00
Begin MonoManager ReloadAssembly
[Licensing::Client] Successfully resolved entitlement details
- Loaded All Assemblies, in  2.878 seconds
Refreshing native plugins compatible for Editor in 51.46 ms, found 3 plugins.
Native extension for Android target not found
Native extension for UWP target not found
Native extension for WindowsStandalone target not found
Package Manager log level set to [2]
[Package Manager] Failed to launch server process. Reason: Unity was launched with the -noUpm command-line argument
[Package Manager] Unable to send message (not connected to server process).
[Package Manager] Cannot connect to Unity Package Manager local server
Mono: successfully reloaded assembly
- Finished resetting the current domain, in  3.447 seconds
Domain Reload Profiling: 6305ms
	BeginReloadAssembly (551ms)
		ExecutionOrderSort (0ms)
		DisableScriptedObjects (19ms)
		BackupInstance (0ms)
		ReleaseScriptingObjects (0ms)
		CreateAndSetChildDomain (68ms)
	RebuildCommonClasses (108ms)
	RebuildNativeTypeToScriptingClass (32ms)
	initialDomainReloadingComplete (116ms)
	LoadAllAssembliesAndSetupDomain (2049ms)
		LoadAssemblies (1441ms)
		RebuildTransferFunctionScriptingTraits (0ms)
		AnalyzeDomain (915ms)
			TypeCache.Refresh (700ms)
				TypeCache.ScanAssembly (641ms)
			BuildScriptInfoCaches (165ms)
			ResolveRequiredComponents (40ms)
	FinalizeReload (3448ms)
		ReleaseScriptCaches (0ms)
		RebuildScriptCaches (0ms)
		SetupLoadedEditorAssemblies (2718ms)
			LogAssemblyErrors (0ms)
			InitializePlatformSupportModulesInManaged (121ms)
			SetLoadedEditorAssemblies (19ms)
			BeforeProcessingInitializeOnLoad (529ms)
			ProcessInitializeOnLoadAttributes (1826ms)
			ProcessInitializeOnLoadMethodAttributes (200ms)
			AfterProcessingInitializeOnLoad (23ms)
			EditorAssembliesLoaded (1ms)
		ExecutionOrderSort2 (0ms)
		AwakeInstancesAfterBackupRestoration (21ms)
Launched and connected shader compiler UnityShaderCompiler.exe after 0.75 seconds
Refreshing native plugins compatible for Editor in 4.67 ms, found 3 plugins.
Preloading 0 native plugins for Editor in 0.00 ms.
Unloading 14 Unused Serialized files (Serialized files now loaded: 0)
Unloading 6128 unused Assets / (6.4 MB). Loaded Objects now: 6847.
Memory consumption went from 137.2 MB to 130.7 MB.
Total: 42.345100 ms (FindLiveObjects: 2.892700 ms CreateObjectMapping: 1.483300 ms MarkObjects: 27.784300 ms  DeleteObjects: 10.180300 ms)

========================================================================
Received Import Request.
  Time since last request: 73759.269774 seconds.
  path: Assets/Realistic Tree/Prefabs/HDRP/Weeping Willow/Weeping_Willow 3.prefab
  artifactKey: Guid(3c8b184950b283d4bba65fb105f8f1ab) Importer(2089858483,3d70f49cd1c2eb9ae422958d1c652c6b)
Start importing Assets/Realistic Tree/Prefabs/HDRP/Weeping Willow/Weeping_Willow 3.prefab using Guid(3c8b184950b283d4bba65fb105f8f1ab) Importer(2089858483,3d70f49cd1c2eb9ae422958d1c652c6b) (ScriptedImporter) -> (artifact id: 'a096df36012e4abd36116e5c2b737467') in 0.5249342 seconds
Number of updated asset objects reloaded before import = 0Number of asset objects unloaded after import = 91

========================================================================
Received Import Request.
  Time since last request: 0.000045 seconds.
  path: Assets/Realistic Tree/Prefabs/URP/Spruce/Spruce 3.prefab
  artifactKey: Guid(f3eefa452c5e31a4982e3e0d71adcaec) Importer(2089858483,3d70f49cd1c2eb9ae422958d1c652c6b)
Start importing Assets/Realistic Tree/Prefabs/URP/Spruce/Spruce 3.prefab using Guid(f3eefa452c5e31a4982e3e0d71adcaec) Importer(2089858483,3d70f49cd1c2eb9ae422958d1c652c6b) (ScriptedImporter) -> (artifact id: 'f2d987c8a32e4ee26fa56fc30467822c') in 0.0591437 seconds
Number of updated asset objects reloaded before import = 0Number of asset objects unloaded after import = 123

========================================================================
Received Import Request.
  Time since last request: 0.000061 seconds.
  path: Assets/Realistic Tree/Prefabs/URP/Birch/Birch 8.prefab
  artifactKey: Guid(b4b2a6f205b7d064f87f3566a03e10a9) Importer(2089858483,3d70f49cd1c2eb9ae422958d1c652c6b)
Start importing Assets/Realistic Tree/Prefabs/URP/Birch/Birch 8.prefab using Guid(b4b2a6f205b7d064f87f3566a03e10a9) Importer(2089858483,3d70f49cd1c2eb9ae422958d1c652c6b) (ScriptedImporter) -> (artifact id: 'c1420da90e5f8fba7b48493817ace534') in 0.0472388 seconds
Number of updated asset objects reloaded before import = 0Number of asset objects unloaded after import = 126

========================================================================
Received Import Request.
  Time since last request: 0.000039 seconds.
  path: Assets/Settings/UniversalRenderPipelineGlobalSettings.asset
  artifactKey: Guid(18dc0cd2c080841dea60987a38ce93fa) Importer(2089858483,3d70f49cd1c2eb9ae422958d1c652c6b)
Start importing Assets/Settings/UniversalRenderPipelineGlobalSettings.asset using Guid(18dc0cd2c080841dea60987a38ce93fa) Importer(2089858483,3d70f49cd1c2eb9ae422958d1c652c6b) (ScriptedImporter) -> (artifact id: 'dbf599ca27100aef5594458f0fee31b4') in 0.0335893 seconds
Number of updated asset objects reloaded before import = 0Number of asset objects unloaded after import = 0

========================================================================
Received Import Request.
  Time since last request: 0.000037 seconds.
  path: Assets/Realistic Tree/Prefabs/URP/Spruce/Spruce Group 2.prefab
  artifactKey: Guid(e4ee5d55588435441b23c8d94ae7f0bf) Importer(2089858483,3d70f49cd1c2eb9ae422958d1c652c6b)
Start importing Assets/Realistic Tree/Prefabs/URP/Spruce/Spruce Group 2.prefab using Guid(e4ee5d55588435441b23c8d94ae7f0bf) Importer(2089858483,3d70f49cd1c2eb9ae422958d1c652c6b) (ScriptedImporter) -> (artifact id: '371e5f2fffb281ddd9176559daec3f53') in 0.0484003 seconds
Number of updated asset objects reloaded before import = 0Number of asset objects unloaded after import = 123

========================================================================
Received Import Request.
  Time since last request: 0.000062 seconds.
  path: Assets/Realistic Tree/Prefabs/URP/Chestnut/Chestnut 1.prefab
  artifactKey: Guid(733e0985fe2f8674981f217143ec930a) Importer(2089858483,3d70f49cd1c2eb9ae422958d1c652c6b)
Start importing Assets/Realistic Tree/Prefabs/URP/Chestnut/Chestnut 1.prefab using Guid(733e0985fe2f8674981f217143ec930a) Importer(2089858483,3d70f49cd1c2eb9ae422958d1c652c6b) (ScriptedImporter) -> (artifact id: '27c625e592460687e046323ded5f3c1f') in 0.0854522 seconds
Number of updated asset objects reloaded before import = 0Number of asset objects unloaded after import = 163

========================================================================
Received Import Request.
  Time since last request: 0.000042 seconds.
  path: Assets/Realistic Tree/Prefabs/URP/Birch/Birch 10.prefab
  artifactKey: Guid(630008e1b31fe954ab798b6059e44fe2) Importer(2089858483,192608db42251d675da83286b1cce702)
Start importing Assets/Realistic Tree/Prefabs/URP/Birch/Birch 10.prefab using Guid(630008e1b31fe954ab798b6059e44fe2) Importer(2089858483,192608db42251d675da83286b1cce702) (ScriptedImporter) -> (artifact id: '50b32b70f7c272884b7e192d78bc11a9') in 0.4966116 seconds
Number of updated asset objects reloaded before import = 0Number of asset objects unloaded after import = 50

========================================================================
Received Import Request.
  Time since last request: 0.000176 seconds.
  path: Assets/Realistic Tree/Prefabs/Standard/Weeping Willow/Weeping_Willow 7.prefab
  artifactKey: Guid(14a2444a931a5fb4695aee62a78dc2c9) Importer(2089858483,192608db42251d675da83286b1cce702)
Start importing Assets/Realistic Tree/Prefabs/Standard/Weeping Willow/Weeping_Willow 7.prefab using Guid(14a2444a931a5fb4695aee62a78dc2c9) Importer(2089858483,192608db42251d675da83286b1cce702) (ScriptedImporter) -> (artifact id: '286406219a208748afdad79245c40a99') in 0.1492131 seconds
Number of updated asset objects reloaded before import = 0Number of asset objects unloaded after import = 50

========================================================================
Received Import Request.
  Time since last request: 0.000042 seconds.
  path: Assets/Realistic Tree/Prefabs/URP/Birch/Birch Group 2.prefab
  artifactKey: Guid(bcbf9a89f0f31f949b3b1fafe6848aba) Importer(2089858483,192608db42251d675da83286b1cce702)
Start importing Assets/Realistic Tree/Prefabs/URP/Birch/Birch Group 2.prefab using Guid(bcbf9a89f0f31f949b3b1fafe6848aba) Importer(2089858483,192608db42251d675da83286b1cce702) (ScriptedImporter) -> (artifact id: '071940767bd11480e978e6e4561adbe9') in 0.1842281 seconds
Number of updated asset objects reloaded before import = 0Number of asset objects unloaded after import = 70

========================================================================
Received Import Request.
  Time since last request: 0.000043 seconds.
  path: Assets/Realistic Tree/Prefabs/URP/Birch/Birch 4.prefab
  artifactKey: Guid(d545a4c991f4a394fa3eafaddfdc0f83) Importer(2089858483,192608db42251d675da83286b1cce702)
Start importing Assets/Realistic Tree/Prefabs/URP/Birch/Birch 4.prefab using Guid(d545a4c991f4a394fa3eafaddfdc0f83) Importer(2089858483,192608db42251d675da83286b1cce702) (ScriptedImporter) -> (artifact id: '40b8f14397511677cb9313f2f4889452') in 0.1338864 seconds
Number of updated asset objects reloaded before import = 0Number of asset objects unloaded after import = 70

========================================================================
Received Import Request.
  Time since last request: 0.000039 seconds.
  path: Assets/Realistic Tree/Prefabs/HDRP/Spruce/Spruce Group 2.prefab
  artifactKey: Guid(d8c9371ee445d56488b0433582d6420e) Importer(2089858483,3d70f49cd1c2eb9ae422958d1c652c6b)
Start importing Assets/Realistic Tree/Prefabs/HDRP/Spruce/Spruce Group 2.prefab using Guid(d8c9371ee445d56488b0433582d6420e) Importer(2089858483,3d70f49cd1c2eb9ae422958d1c652c6b) (ScriptedImporter) -> (artifact id: '51ade56f6ec63ae65175e1a77a8a8d2f') in 0.0421151 seconds
Number of updated asset objects reloaded before import = 0Number of asset objects unloaded after import = 125

========================================================================
Received Import Request.
  Time since last request: 0.000063 seconds.
  path: Assets/TutorialInfo/Icons/URP.png
  artifactKey: Guid(727a75301c3d24613a3ebcec4a24c2c8) Importer(2089858483,192608db42251d675da83286b1cce702)
Start importing Assets/TutorialInfo/Icons/URP.png using Guid(727a75301c3d24613a3ebcec4a24c2c8) Importer(2089858483,192608db42251d675da83286b1cce702) (ScriptedImporter) -> (artifact id: 'f0c8f1e78876bb227c5a346cdf19ba8a') in 0.190938 seconds
Number of updated asset objects reloaded before import = 0Number of asset objects unloaded after import = 1

========================================================================
Received Import Request.
  Time since last request: 0.000138 seconds.
  path: Assets/Realistic Tree/Prefabs/HDRP/Chestnut/Chestnut 3.prefab
  artifactKey: Guid(b423a64eb27d13b4980a849f3cbfabd4) Importer(2089858483,192608db42251d675da83286b1cce702)
Start importing Assets/Realistic Tree/Prefabs/HDRP/Chestnut/Chestnut 3.prefab using Guid(b423a64eb27d13b4980a849f3cbfabd4) Importer(2089858483,192608db42251d675da83286b1cce702) (ScriptedImporter) -> (artifact id: '6fd049374fb2f638569646bf7c0d7623') in 0.2538219 seconds
Number of updated asset objects reloaded before import = 0Number of asset objects unloaded after import = 90

========================================================================
Received Import Request.
  Time since last request: 0.000074 seconds.
  path: Assets/Realistic Tree/Source/Models/Ash/Ash_5.fbx
  artifactKey: Guid(0478693173f003e468b046373961dc2f) Importer(2089858483,192608db42251d675da83286b1cce702)
Start importing Assets/Realistic Tree/Source/Models/Ash/Ash_5.fbx using Guid(0478693173f003e468b046373961dc2f) Importer(2089858483,192608db42251d675da83286b1cce702) (ScriptedImporter) -> (artifact id: '1d48021709af682c9a909161cd532f67') in 0.1383458 seconds
Number of updated asset objects reloaded before import = 0Number of asset objects unloaded after import = 65

========================================================================
Received Import Request.
  Time since last request: 0.000034 seconds.
  path: Assets/Settings/Mobile_Renderer.asset
  artifactKey: Guid(65bc7dbf4170f435aa868c779acfb082) Importer(2089858483,192608db42251d675da83286b1cce702)
Start importing Assets/Settings/Mobile_Renderer.asset using Guid(65bc7dbf4170f435aa868c779acfb082) Importer(2089858483,192608db42251d675da83286b1cce702) (ScriptedImporter) -> (artifact id: '80d9cf621c9b8280539b134e83cf35d1') in 0.1814738 seconds
Number of updated asset objects reloaded before import = 0Number of asset objects unloaded after import = 1

========================================================================
Received Import Request.
  Time since last request: 0.000058 seconds.
  path: Assets/Realistic Tree/Source/Models/Birch/Birch_Group_1.fbx
  artifactKey: Guid(55310037ded0f0e4b8240e7c493a41aa) Importer(2089858483,192608db42251d675da83286b1cce702)
Start importing Assets/Realistic Tree/Source/Models/Birch/Birch_Group_1.fbx using Guid(55310037ded0f0e4b8240e7c493a41aa) Importer(2089858483,192608db42251d675da83286b1cce702) (ScriptedImporter) -> (artifact id: '4c7c25d5b5fdaafb92f2f354b4afe650') in 0.066192 seconds
Number of updated asset objects reloaded before import = 0Number of asset objects unloaded after import = 65

========================================================================
Received Import Request.
  Time since last request: 0.000037 seconds.
  path: Assets/Realistic Tree/Prefabs/URP/Spruce/Spruce 9.prefab
  artifactKey: Guid(09d870b9c6c78ab42b89e0e94120bc08) Importer(2089858483,192608db42251d675da83286b1cce702)
Start importing Assets/Realistic Tree/Prefabs/URP/Spruce/Spruce 9.prefab using Guid(09d870b9c6c78ab42b89e0e94120bc08) Importer(2089858483,192608db42251d675da83286b1cce702) (ScriptedImporter) -> (artifact id: 'a575999bb9a8cb3322c5e1dd7d6983a0') in 0.1914355 seconds
Number of updated asset objects reloaded before import = 0Number of asset objects unloaded after import = 67

========================================================================
Received Import Request.
  Time since last request: 0.000044 seconds.
  path: Assets/Realistic Tree/Source/Models/Spruce/Spruce_6.fbx
  artifactKey: Guid(b6f128c0d333c464a9e1af232ae83d0d) Importer(2089858483,192608db42251d675da83286b1cce702)
Start importing Assets/Realistic Tree/Source/Models/Spruce/Spruce_6.fbx using Guid(b6f128c0d333c464a9e1af232ae83d0d) Importer(2089858483,192608db42251d675da83286b1cce702) (ScriptedImporter) -> (artifact id: '87bc80f5c43921f9d29b9eb3d2b8a6e5') in 0.0780873 seconds
Number of updated asset objects reloaded before import = 0Number of asset objects unloaded after import = 65

========================================================================
Received Import Request.
  Time since last request: 0.000051 seconds.
  path: Assets/Realistic Tree/Prefabs/Standard/Ash/The Great Ash Tree.prefab
  artifactKey: Guid(865ce53b1cce36649aa48d926bac263d) Importer(2089858483,192608db42251d675da83286b1cce702)
Start importing Assets/Realistic Tree/Prefabs/Standard/Ash/The Great Ash Tree.prefab using Guid(865ce53b1cce36649aa48d926bac263d) Importer(2089858483,192608db42251d675da83286b1cce702) (ScriptedImporter) -> (artifact id: 'f3a6208368498ec9a1b789d76016dba8') in 0.3611884 seconds
Number of updated asset objects reloaded before import = 0Number of asset objects unloaded after import = 70

========================================================================
Received Import Request.
  Time since last request: 0.000037 seconds.
  path: Assets/Realistic Tree/Source/Models/Weeping Willow/Willow_5.fbx
  artifactKey: Guid(32eee39d68050e54c8300bde24f795b0) Importer(2089858483,192608db42251d675da83286b1cce702)
Start importing Assets/Realistic Tree/Source/Models/Weeping Willow/Willow_5.fbx using Guid(32eee39d68050e54c8300bde24f795b0) Importer(2089858483,192608db42251d675da83286b1cce702) (ScriptedImporter) -> (artifact id: 'a086163bcaa065cda4df486de5420042') in 0.0717807 seconds
Number of updated asset objects reloaded before import = 0Number of asset objects unloaded after import = 45

========================================================================
Received Import Request.
  Time since last request: 0.000038 seconds.
  path: Assets/Realistic Tree/Source/Textures/Chestnut/Chestnut_Normal.png
  artifactKey: Guid(3a25842b279d606418b7b55ca974fc1e) Importer(2089858483,192608db42251d675da83286b1cce702)
Start importing Assets/Realistic Tree/Source/Textures/Chestnut/Chestnut_Normal.png using Guid(3a25842b279d606418b7b55ca974fc1e) Importer(2089858483,192608db42251d675da83286b1cce702) (ScriptedImporter) -> (artifact id: '92e4483dfa892ab5e086808983743ce3') in 0.2599397 seconds
Number of updated asset objects reloaded before import = 0Number of asset objects unloaded after import = 1

========================================================================
Received Import Request.
  Time since last request: 0.000030 seconds.
  path: Assets/Realistic Tree/Prefabs/HDRP/Chestnut/Chestnut 2.prefab
  artifactKey: Guid(10802329ab9ffcc45929153cba6c8023) Importer(2089858483,192608db42251d675da83286b1cce702)
Start importing Assets/Realistic Tree/Prefabs/HDRP/Chestnut/Chestnut 2.prefab using Guid(10802329ab9ffcc45929153cba6c8023) Importer(2089858483,192608db42251d675da83286b1cce702) (ScriptedImporter) -> (artifact id: 'b97e9f0bbc1efe7a1b28fdf37644e4ab') in 0.5577604 seconds
Number of updated asset objects reloaded before import = 0Number of asset objects unloaded after import = 90

========================================================================
Received Import Request.
  Time since last request: 0.000052 seconds.
  path: Assets/Realistic Tree/Source/Materials/Standard/Bark/Ash_Bark.mat
  artifactKey: Guid(22917a672afe8fa4c9e5da25d2df91e6) Importer(2089858483,192608db42251d675da83286b1cce702)
Start importing Assets/Realistic Tree/Source/Materials/Standard/Bark/Ash_Bark.mat using Guid(22917a672afe8fa4c9e5da25d2df91e6) Importer(2089858483,192608db42251d675da83286b1cce702) (ScriptedImporter) -> (artifact id: '7a32968cfb43829b9283a1d6a07b3e81') in 0.6278272 seconds
Number of updated asset objects reloaded before import = 0Number of asset objects unloaded after import = 3

========================================================================
Received Import Request.
  Time since last request: 0.000029 seconds.
  path: Assets/Realistic Tree/Source/Materials/URP/Bark/Birch.mat
  artifactKey: Guid(b52a9b2ea0cca00418977a70f801cf96) Importer(2089858483,192608db42251d675da83286b1cce702)
Start importing Assets/Realistic Tree/Source/Materials/URP/Bark/Birch.mat using Guid(b52a9b2ea0cca00418977a70f801cf96) Importer(2089858483,192608db42251d675da83286b1cce702) (ScriptedImporter) -> (artifact id: '5d252298ecccf73d47a92ceb2b45d72e') in 0.0859691 seconds
Number of updated asset objects reloaded before import = 0Number of asset objects unloaded after import = 10

========================================================================
Received Import Request.
  Time since last request: 0.000050 seconds.
  path: Assets/Realistic Tree/Source/Materials/URP/Falling Leaves/Ash_Single.mat
  artifactKey: Guid(01a9c562a49f8fd4ba033f6d23b086ef) Importer(2089858483,192608db42251d675da83286b1cce702)
Start importing Assets/Realistic Tree/Source/Materials/URP/Falling Leaves/Ash_Single.mat using Guid(01a9c562a49f8fd4ba033f6d23b086ef) Importer(2089858483,192608db42251d675da83286b1cce702) (ScriptedImporter) -> (artifact id: '0f62c55e9da36b5408ffe92311ff2207') in 0.1925259 seconds
Number of updated asset objects reloaded before import = 0Number of asset objects unloaded after import = 2

========================================================================
Received Import Request.
  Time since last request: 0.000038 seconds.
  path: Assets/Realistic Tree/Prefabs/Standard/Spruce/Spruce 7.prefab
  artifactKey: Guid(f9f4ce864de28ef4db8d92dcbc242367) Importer(2089858483,192608db42251d675da83286b1cce702)
Start importing Assets/Realistic Tree/Prefabs/Standard/Spruce/Spruce 7.prefab using Guid(f9f4ce864de28ef4db8d92dcbc242367) Importer(2089858483,192608db42251d675da83286b1cce702) (ScriptedImporter) -> (artifact id: '0758a110ba149bab040e6bca7ca5cd8c') in 0.0781358 seconds
Number of updated asset objects reloaded before import = 0Number of asset objects unloaded after import = 67

========================================================================
Received Import Request.
  Time since last request: 0.000058 seconds.
  path: Assets/Realistic Tree/Source/Materials/HDRP/Leaves/Weeping Willow/Weeping_Willow_Small.mat
  artifactKey: Guid(018b38f3139168e4cae41ab77a3a4a82) Importer(2089858483,192608db42251d675da83286b1cce702)
Start importing Assets/Realistic Tree/Source/Materials/HDRP/Leaves/Weeping Willow/Weeping_Willow_Small.mat using Guid(018b38f3139168e4cae41ab77a3a4a82) Importer(2089858483,192608db42251d675da83286b1cce702) (ScriptedImporter) -> (artifact id: 'dd99c5487ddc27b7ba60af915e3c00ee') in 0.0291697 seconds
Number of updated asset objects reloaded before import = 0Number of asset objects unloaded after import = 3

========================================================================
Received Import Request.
  Time since last request: 0.000049 seconds.
  path: Assets/Realistic Tree/Source/Materials/Standard/Falling Leaves/Standard/Birch_Single.mat
  artifactKey: Guid(48bc54873ca04a94689adf2f8025a807) Importer(2089858483,192608db42251d675da83286b1cce702)
Start importing Assets/Realistic Tree/Source/Materials/Standard/Falling Leaves/Standard/Birch_Single.mat using Guid(48bc54873ca04a94689adf2f8025a807) Importer(2089858483,192608db42251d675da83286b1cce702) (ScriptedImporter) -> (artifact id: 'd492a459ec75915c77c4f8101a391b2e') in 0.0214856 seconds
Number of updated asset objects reloaded before import = 0Number of asset objects unloaded after import = 2

========================================================================
Received Import Request.
  Time since last request: 0.000054 seconds.
  path: Assets/Realistic Tree/Source/Materials/HDRP/Falling Leaves/Weeping_Single.png
  artifactKey: Guid(83500cdcfbfd33344af2cae3d8dd886c) Importer(2089858483,192608db42251d675da83286b1cce702)
Start importing Assets/Realistic Tree/Source/Materials/HDRP/Falling Leaves/Weeping_Single.png using Guid(83500cdcfbfd33344af2cae3d8dd886c) Importer(2089858483,192608db42251d675da83286b1cce702) (ScriptedImporter) -> (artifact id: 'd4e585b6c01afe2f8962e336d394afe9') in 0.0366939 seconds
Number of updated asset objects reloaded before import = 0Number of asset objects unloaded after import = 1

========================================================================
Received Import Request.
  Time since last request: 0.000030 seconds.
  path: Assets/Realistic Tree/Source/Materials/Standard/Leaves/Birch/Birch_Leaves_1.mat
  artifactKey: Guid(9a2d183c8b44fe94cb8d99c293e609b3) Importer(2089858483,192608db42251d675da83286b1cce702)
Start importing Assets/Realistic Tree/Source/Materials/Standard/Leaves/Birch/Birch_Leaves_1.mat using Guid(9a2d183c8b44fe94cb8d99c293e609b3) Importer(2089858483,192608db42251d675da83286b1cce702) (ScriptedImporter) -> (artifact id: '87beac3039ca9fe4eec9393d63dcd5e5') in 0.0329068 seconds
Number of updated asset objects reloaded before import = 0Number of asset objects unloaded after import = 2

========================================================================
Received Import Request.
  Time since last request: 0.000039 seconds.
  path: Assets/Realistic Tree/Source/Materials/Standard/Leaves/Birch/Birch_Leaves_2.mat
  artifactKey: Guid(444c18f99ff8fba47911492b6c0ac21e) Importer(2089858483,192608db42251d675da83286b1cce702)
Start importing Assets/Realistic Tree/Source/Materials/Standard/Leaves/Birch/Birch_Leaves_2.mat using Guid(444c18f99ff8fba47911492b6c0ac21e) Importer(2089858483,192608db42251d675da83286b1cce702) (ScriptedImporter) -> (artifact id: '8083cfc2e896583af2e129756b99a840') in 0.0214371 seconds
Number of updated asset objects reloaded before import = 0Number of asset objects unloaded after import = 2

========================================================================
Received Import Request.
  Time since last request: 0.000051 seconds.
  path: Assets/Realistic Tree/Prefabs/Standard/Ash/Ash 8.prefab
  artifactKey: Guid(886e7c2dac95cff449facd13d0775147) Importer(2089858483,3d70f49cd1c2eb9ae422958d1c652c6b)
Start importing Assets/Realistic Tree/Prefabs/Standard/Ash/Ash 8.prefab using Guid(886e7c2dac95cff449facd13d0775147) Importer(2089858483,3d70f49cd1c2eb9ae422958d1c652c6b) (ScriptedImporter) -> (artifact id: 'e56f44f3af026f775f92d9a6526645ef') in 0.0524255 seconds
Number of updated asset objects reloaded before import = 0Number of asset objects unloaded after import = 126

========================================================================
Received Import Request.
  Time since last request: 0.000034 seconds.
  path: Assets/Realistic Tree/Prefabs/Standard/Ash/Ash 2.prefab
  artifactKey: Guid(609df25574ee7404da5687aa8948eb2d) Importer(2089858483,192608db42251d675da83286b1cce702)
Start importing Assets/Realistic Tree/Prefabs/Standard/Ash/Ash 2.prefab using Guid(609df25574ee7404da5687aa8948eb2d) Importer(2089858483,192608db42251d675da83286b1cce702) (ScriptedImporter) -> (artifact id: 'c0968d24486e85a01d8d74d1ce66e23c') in 0.1617617 seconds
Number of updated asset objects reloaded before import = 0Number of asset objects unloaded after import = 70

========================================================================
Received Import Request.
  Time since last request: 0.000043 seconds.
  path: Assets/TutorialInfo/Layout.wlt
  artifactKey: Guid(eabc9546105bf4accac1fd62a63e88e6) Importer(2089858483,192608db42251d675da83286b1cce702)
Start importing Assets/TutorialInfo/Layout.wlt using Guid(eabc9546105bf4accac1fd62a63e88e6) Importer(2089858483,192608db42251d675da83286b1cce702) (ScriptedImporter) -> (artifact id: '655fc93cc5a24f6065801df70188f71d') in 0.01727 seconds
Number of updated asset objects reloaded before import = 0Number of asset objects unloaded after import = 1

========================================================================
Received Import Request.
  Time since last request: 0.000051 seconds.
  path: Assets/Realistic Tree/Source/Materials/URP/Bark/Ash_Bark.mat
  artifactKey: Guid(fe26c031e6cfb1f45a9e22cb570f4bbf) Importer(2089858483,192608db42251d675da83286b1cce702)
Start importing Assets/Realistic Tree/Source/Materials/URP/Bark/Ash_Bark.mat using Guid(fe26c031e6cfb1f45a9e22cb570f4bbf) Importer(2089858483,192608db42251d675da83286b1cce702) (ScriptedImporter) -> (artifact id: '417eb1cdbfb3224f94fb33a46e3c4b5d') in 0.0573708 seconds
Number of updated asset objects reloaded before import = 0Number of asset objects unloaded after import = 10

========================================================================
Received Import Request.
  Time since last request: 0.000043 seconds.
  path: Assets/Realistic Tree/Prefabs/Standard/Chestnut/Chestnut 6.prefab
  artifactKey: Guid(4a9c3a2cadac6294d83a9cc770865028) Importer(2089858483,192608db42251d675da83286b1cce702)
Start importing Assets/Realistic Tree/Prefabs/Standard/Chestnut/Chestnut 6.prefab using Guid(4a9c3a2cadac6294d83a9cc770865028) Importer(2089858483,192608db42251d675da83286b1cce702) (ScriptedImporter) -> (artifact id: '1095f90d5c920e6fefacee4c17519f72') in 0.0941162 seconds
Number of updated asset objects reloaded before import = 0Number of asset objects unloaded after import = 110

========================================================================
Received Import Request.
  Time since last request: 0.000057 seconds.
  path: Assets/Realistic Tree/Prefabs/URP/Birch/Birch 9.prefab
  artifactKey: Guid(f16a6efbbe67d3b44999df7a32c32b27) Importer(2089858483,192608db42251d675da83286b1cce702)
Start importing Assets/Realistic Tree/Prefabs/URP/Birch/Birch 9.prefab using Guid(f16a6efbbe67d3b44999df7a32c32b27) Importer(2089858483,192608db42251d675da83286b1cce702) (ScriptedImporter) -> (artifact id: 'ece29dc7cd4c58a4f86aa4328d54456f') in 0.1152622 seconds
Number of updated asset objects reloaded before import = 0Number of asset objects unloaded after import = 70

========================================================================
Received Import Request.
  Time since last request: 0.000040 seconds.
  path: Assets/Realistic Tree/Prefabs/URP/Weeping Willow/Weeping_Willow 8.prefab
  artifactKey: Guid(27a0eee291be7a6428f36c5bcbd6c4f9) Importer(2089858483,192608db42251d675da83286b1cce702)
Start importing Assets/Realistic Tree/Prefabs/URP/Weeping Willow/Weeping_Willow 8.prefab using Guid(27a0eee291be7a6428f36c5bcbd6c4f9) Importer(2089858483,192608db42251d675da83286b1cce702) (ScriptedImporter) -> (artifact id: 'f4c4bcf198b0ce2dbe9848c7b2cdbc7a') in 0.1095675 seconds
Number of updated asset objects reloaded before import = 0Number of asset objects unloaded after import = 50

========================================================================
Received Import Request.
  Time since last request: 0.000062 seconds.
  path: Assets/Realistic Tree/Prefabs/URP/Chestnut/Chestnut 2.prefab
  artifactKey: Guid(39460f06c7d6a25459bdfcf49f99a801) Importer(2089858483,3d70f49cd1c2eb9ae422958d1c652c6b)
Start importing Assets/Realistic Tree/Prefabs/URP/Chestnut/Chestnut 2.prefab using Guid(39460f06c7d6a25459bdfcf49f99a801) Importer(2089858483,3d70f49cd1c2eb9ae422958d1c652c6b) (ScriptedImporter) -> (artifact id: 'b1f44dd4cd5c7dab3b3edf8d5c41fa56') in 0.0761455 seconds
Number of updated asset objects reloaded before import = 0Number of asset objects unloaded after import = 163

========================================================================
Received Import Request.
  Time since last request: 0.000048 seconds.
  path: Assets/Realistic Tree/Prefabs/URP/Spruce/Spruce 10.prefab
  artifactKey: Guid(4bee1c1e17211494f9be6522b74f9863) Importer(2089858483,192608db42251d675da83286b1cce702)
Start importing Assets/Realistic Tree/Prefabs/URP/Spruce/Spruce 10.prefab using Guid(4bee1c1e17211494f9be6522b74f9863) Importer(2089858483,192608db42251d675da83286b1cce702) (ScriptedImporter) -> (artifact id: '03b6825d8b514486f2c2e41f3bd3e951') in 0.0369745 seconds
Number of updated asset objects reloaded before import = 0Number of asset objects unloaded after import = 67

========================================================================
Received Import Request.
  Time since last request: 0.000054 seconds.
  path: Assets/Realistic Tree/Source/Materials/Standard/Bark/Chestnut.mat
  artifactKey: Guid(f2f40c5e5a8bf9b4bb822d2f8e3de973) Importer(2089858483,192608db42251d675da83286b1cce702)
Start importing Assets/Realistic Tree/Source/Materials/Standard/Bark/Chestnut.mat using Guid(f2f40c5e5a8bf9b4bb822d2f8e3de973) Importer(2089858483,192608db42251d675da83286b1cce702) (ScriptedImporter) -> (artifact id: 'd50e83ce7df38f4e2c7398607732f891') in 0.0476673 seconds
Number of updated asset objects reloaded before import = 0Number of asset objects unloaded after import = 3

========================================================================
Received Import Request.
  Time since last request: 0.000038 seconds.
  path: Assets/Realistic Tree/Source/Materials/Standard/Bark/Birch.mat
  artifactKey: Guid(8553388fe19b30445a6090f708815aaa) Importer(2089858483,192608db42251d675da83286b1cce702)
Start importing Assets/Realistic Tree/Source/Materials/Standard/Bark/Birch.mat using Guid(8553388fe19b30445a6090f708815aaa) Importer(2089858483,192608db42251d675da83286b1cce702) (ScriptedImporter) -> (artifact id: '285d88a680fa5af5d3d66389ad59528a') in 0.0201476 seconds
Number of updated asset objects reloaded before import = 0Number of asset objects unloaded after import = 3

Editor requested this worker to shutdown with reason: balancing worker count downwards
AssetImportWorker is now disconnected from the server
Process exiting
Exiting without the bug reporter. Application will terminate with return code 0