[Licensing::Module] Trying to connect to existing licensing client channel...
Built from '6000.2/staging' branch; Version is '6000.2.12f1 (e89d5df0e333) revision 15244637'; Using compiler version '194234433'; Build Type 'Release'
OS: 'Windows 11  (10.0.26100) 64bit Core' Language: 'en' Physical Memory: 15942 MB
BatchMode: 1, IsHumanControllingUs: 0, StartBugReporterOnCrash: 0, Is64bit: 1
[Licensing::IpcConnector] Successfully connected to: "LicenseClient-assel" at "2025-12-02T12:25:30.4324006Z"
Date: 2025-12-02T12:25:30Z

COMMAND LINE ARGUMENTS:
C:\Program Files\Unity\Hub\Editor\6000.2.12f1\Editor\Unity.exe
-adb2
-batchMode
-noUpm
-name
AssetImportWorker4
-projectPath
C:/Users/assel/skuska
-logFile
Logs/AssetImportWorker4.log
-srvPort
51994
-job-worker-count
5
-background-job-worker-count
8
-gc-helper-count
1
-name
AssetImport
Successfully changed project path to: C:/Users/assel/skuska
C:/Users/assel/skuska
[UnityMemory] Configuration Parameters - Can be set up in boot.config
    "memorysetup-allocator-temp-initial-block-size-main=262144"
    "memorysetup-allocator-temp-initial-block-size-worker=262144"
    "memorysetup-bucket-allocator-granularity=16"
    "memorysetup-bucket-allocator-bucket-count=8"
    "memorysetup-bucket-allocator-block-size=33554432"
    "memorysetup-bucket-allocator-block-count=8"
    "memorysetup-main-allocator-block-size=16777216"
    "memorysetup-thread-allocator-block-size=16777216"
    "memorysetup-gfx-main-allocator-block-size=16777216"
    "memorysetup-gfx-thread-allocator-block-size=16777216"
    "memorysetup-cache-allocator-block-size=4194304"
    "memorysetup-typetree-allocator-block-size=2097152"
    "memorysetup-profiler-bucket-allocator-granularity=16"
    "memorysetup-profiler-bucket-allocator-bucket-count=8"
    "memorysetup-profiler-bucket-allocator-block-size=33554432"
    "memorysetup-profiler-bucket-allocator-block-count=8"
    "memorysetup-profiler-allocator-block-size=16777216"
    "memorysetup-profiler-editor-allocator-block-size=1048576"
    "memorysetup-temp-allocator-size-main=16777216"
    "memorysetup-job-temp-allocator-block-size=2097152"
    "memorysetup-job-temp-allocator-block-size-background=1048576"
    "memorysetup-job-temp-allocator-reduction-small-platforms=262144"
    "memorysetup-temp-allocator-size-background-worker=32768"
    "memorysetup-temp-allocator-size-job-worker=262144"
    "memorysetup-temp-allocator-size-preload-manager=33554432"
    "memorysetup-temp-allocator-size-nav-mesh-worker=65536"
    "memorysetup-temp-allocator-size-audio-worker=65536"
    "memorysetup-temp-allocator-size-cloud-worker=32768"
    "memorysetup-temp-allocator-size-gi-baking-worker=262144"
    "memorysetup-temp-allocator-size-gi-baking-worker=262144"
    "memorysetup-temp-allocator-size-gi-baking-worker=262144"
    "memorysetup-temp-allocator-size-gi-baking-worker=262144"
    "memorysetup-temp-allocator-size-gi-baking-worker=262144"
    "memorysetup-temp-allocator-size-gfx=262144"
Player connection [39040]  Target information:

Player connection [39040]  * "[IP] 192.168.1.3 [Port] 0 [Flags] 2 [Guid] 2527064337 [EditorId] 2527064337 [Version] 1048832 [Id] WindowsEditor(7,ASSEL) [Debug] 1 [PackageName] WindowsEditor [ProjectName] Editor" 

Player connection [39040]  * "[IP] 10.10.30.95 [Port] 0 [Flags] 2 [Guid] 2527064337 [EditorId] 2527064337 [Version] 1048832 [Id] WindowsEditor(7,ASSEL) [Debug] 1 [PackageName] WindowsEditor [ProjectName] Editor" 

Player connection [39040] Host joined multi-casting on [225.0.0.222:54997]...
Player connection [39040] Host joined alternative multi-casting on [225.0.0.222:34997]...
JobSystem: Creating JobQueue using job-worker-count value 5
Input System module state changed to: Initialized.
[Physics::Module] Initialized fallback backend.
[Physics::Module] Id: 0xdecafbad
Library Redirect Path: Library/
[Physics::Module] Selected backend.
[Physics::Module] Name: PhysX
[Physics::Module] Id: 0xf2b8ea05
[Physics::Module] SDK Version: 4.1.2
[Physics::Module] Integration Version: 1.0.0
[Physics::Module] Threading Mode: Multi-Threaded
Refreshing native plugins compatible for Editor in 15.63 ms, found 3 plugins.
Preloading 0 native plugins for Editor in 0.00 ms.
Initialize engine version: 6000.2.12f1 (e89d5df0e333)
[Subsystems] Discovering subsystems at path C:/Program Files/Unity/Hub/Editor/6000.2.12f1/Editor/Data/Resources/UnitySubsystems
[Subsystems] Discovering subsystems at path C:/Users/assel/skuska/Assets
GfxDevice: creating device client; kGfxThreadingModeNonThreaded
Direct3D:
    Version:  Direct3D 11.0 [level 11.1]
    Renderer: Intel(R) Iris(R) Xe Graphics (ID=0x46a8)
    Vendor:   Intel
    VRAM:     7971 MB
    Driver:   31.0.101.5333
Initialize mono
Mono path[0] = 'C:/Program Files/Unity/Hub/Editor/6000.2.12f1/Editor/Data/Managed'
Mono path[1] = 'C:/Program Files/Unity/Hub/Editor/6000.2.12f1/Editor/Data/MonoBleedingEdge/lib/mono/unityjit-win32'
Mono config path = 'C:/Program Files/Unity/Hub/Editor/6000.2.12f1/Editor/Data/MonoBleedingEdge/etc'
Using monoOptions --debugger-agent=transport=dt_socket,embedding=1,server=y,suspend=n,address=127.0.0.1:56004
Begin MonoManager ReloadAssembly
Registering precompiled unity dll's ...
Register platform support module: C:/Program Files/Unity/Hub/Editor/6000.2.12f1/Editor/Data/PlaybackEngines/WindowsStandaloneSupport/UnityEditor.WindowsStandalone.Extensions.dll
[Licensing::Module] Licensing is not yet initialized.
[Licensing::Client] Error: HandshakeResponse reported an error:
	ResponseCode: 505
	ResponseStatus: Unsupported protocol version '1.17.4'.
[Licensing::Module] Error: Failed to handshake to channel: "LicenseClient-assel"
[Licensing::IpcConnector] LicenseClient-assel channel disconnected successfully.
[Licensing::IpcConnector] Successfully connected to: "LicenseClient-assel-6000.2.12" at "2025-12-02T12:25:35.6862694Z"
[Licensing::Client] Handshaking with LicensingClient:
  Version:                 1.17.4+4293ba1
  Session Id:              5f5166e5a9fa43c48a52e3d57946bf11
  Correlation Id:          7ea788e771f1b0e8de18aab6f5011f5f
  External correlation Id: 269037734977170139
  Machine Id:              06lnmavVSsKsGiaawoDn6YYoI+U=
[Licensing::Module] Successfully connected to LicensingClient on channel: "LicenseClient-assel-6000.2.12" (connect: 0.00s, validation: 0.00s, handshake: 4.55s)
[Licensing::IpcConnector] Successfully connected to: "LicenseClient-assel-6000.2.12-notifications" at "2025-12-02T12:25:40.242206Z"
[Licensing::Module] Licensing Background thread has ended after 9.81s
[Licensing::Module] Licensing is initialized (took 7.40s).
[Licensing::Client] Successfully resolved entitlement details
[Licensing::Module] License group:
  Id: 7972514418693-assel_syzdykova-UnityProStuXXXX
  Product: Unity Student
  Type: Assigned
  Expiration: 2026-11-16T12:54:31Z
Register platform support module: C:/Program Files/Unity/Hub/Editor/6000.2.12f1/Editor/Data/PlaybackEngines/MetroSupport/UnityEditor.UWP.Extensions.dll
[Licensing::Client] Successfully resolved entitlement details
Register platform support module: C:/Program Files/Unity/Hub/Editor/6000.2.12f1/Editor/Data/PlaybackEngines/AndroidPlayer/UnityEditor.Android.Extensions.dll
Registered in 7.416906 seconds.
- Loaded All Assemblies, in  9.009 seconds
Native extension for Android target not found
Android Extension - Scanning For ADB Devices 1722 ms
Native extension for UWP target not found
Native extension for WindowsStandalone target not found
Mono: successfully reloaded assembly
- Finished resetting the current domain, in  3.001 seconds
Domain Reload Profiling: 11998ms
	BeginReloadAssembly (727ms)
		ExecutionOrderSort (0ms)
		DisableScriptedObjects (0ms)
		BackupInstance (0ms)
		ReleaseScriptingObjects (0ms)
		CreateAndSetChildDomain (1ms)
	RebuildCommonClasses (126ms)
	RebuildNativeTypeToScriptingClass (41ms)
	initialDomainReloadingComplete (7590ms)
	LoadAllAssembliesAndSetupDomain (512ms)
		LoadAssemblies (723ms)
		RebuildTransferFunctionScriptingTraits (0ms)
		AnalyzeDomain (502ms)
			TypeCache.Refresh (498ms)
				TypeCache.ScanAssembly (471ms)
			BuildScriptInfoCaches (0ms)
			ResolveRequiredComponents (1ms)
	FinalizeReload (3002ms)
		ReleaseScriptCaches (0ms)
		RebuildScriptCaches (0ms)
		SetupLoadedEditorAssemblies (2893ms)
			LogAssemblyErrors (0ms)
			InitializePlatformSupportModulesInManaged (2118ms)
			SetLoadedEditorAssemblies (14ms)
			BeforeProcessingInitializeOnLoad (256ms)
			ProcessInitializeOnLoadAttributes (372ms)
			ProcessInitializeOnLoadMethodAttributes (132ms)
			AfterProcessingInitializeOnLoad (0ms)
			EditorAssembliesLoaded (0ms)
		ExecutionOrderSort2 (0ms)
		AwakeInstancesAfterBackupRestoration (0ms)
========================================================================
Worker process is ready to serve import requests
Import Worker Mode flag is 0x00
Begin MonoManager ReloadAssembly
[Licensing::Client] Successfully resolved entitlement details
- Loaded All Assemblies, in  2.904 seconds
Refreshing native plugins compatible for Editor in 49.43 ms, found 3 plugins.
Native extension for Android target not found
Native extension for UWP target not found
Native extension for WindowsStandalone target not found
Package Manager log level set to [2]
[Package Manager] Failed to launch server process. Reason: Unity was launched with the -noUpm command-line argument
[Package Manager] Unable to send message (not connected to server process).
[Package Manager] Cannot connect to Unity Package Manager local server
Mono: successfully reloaded assembly
- Finished resetting the current domain, in  3.342 seconds
Domain Reload Profiling: 6270ms
	BeginReloadAssembly (621ms)
		ExecutionOrderSort (0ms)
		DisableScriptedObjects (16ms)
		BackupInstance (0ms)
		ReleaseScriptingObjects (0ms)
		CreateAndSetChildDomain (75ms)
	RebuildCommonClasses (99ms)
	RebuildNativeTypeToScriptingClass (26ms)
	initialDomainReloadingComplete (107ms)
	LoadAllAssembliesAndSetupDomain (2031ms)
		LoadAssemblies (1481ms)
		RebuildTransferFunctionScriptingTraits (0ms)
		AnalyzeDomain (941ms)
			TypeCache.Refresh (681ms)
				TypeCache.ScanAssembly (632ms)
			BuildScriptInfoCaches (158ms)
			ResolveRequiredComponents (84ms)
	FinalizeReload (3384ms)
		ReleaseScriptCaches (0ms)
		RebuildScriptCaches (0ms)
		SetupLoadedEditorAssemblies (2391ms)
			LogAssemblyErrors (0ms)
			InitializePlatformSupportModulesInManaged (110ms)
			SetLoadedEditorAssemblies (11ms)
			BeforeProcessingInitializeOnLoad (475ms)
			ProcessInitializeOnLoadAttributes (1579ms)
			ProcessInitializeOnLoadMethodAttributes (192ms)
			AfterProcessingInitializeOnLoad (23ms)
			EditorAssembliesLoaded (0ms)
		ExecutionOrderSort2 (0ms)
		AwakeInstancesAfterBackupRestoration (18ms)
Launched and connected shader compiler UnityShaderCompiler.exe after 0.03 seconds
Refreshing native plugins compatible for Editor in 6.26 ms, found 3 plugins.
Preloading 0 native plugins for Editor in 0.00 ms.
Unloading 14 Unused Serialized files (Serialized files now loaded: 0)
Unloading 6128 unused Assets / (4.1 MB). Loaded Objects now: 6847.
Memory consumption went from 139.0 MB to 135.0 MB.
Total: 35.617700 ms (FindLiveObjects: 2.256300 ms CreateObjectMapping: 1.331700 ms MarkObjects: 26.645100 ms  DeleteObjects: 5.375400 ms)

========================================================================
Received Import Request.
  Time since last request: 73759.265858 seconds.
  path: Assets/Realistic Tree/Prefabs/HDRP/Weeping Willow/Weeping_Willow 1.prefab
  artifactKey: Guid(cf7d9b545839bde4a90b33e15e43da34) Importer(2089858483,192608db42251d675da83286b1cce702)
Start importing Assets/Realistic Tree/Prefabs/HDRP/Weeping Willow/Weeping_Willow 1.prefab using Guid(cf7d9b545839bde4a90b33e15e43da34) Importer(2089858483,192608db42251d675da83286b1cce702) (ScriptedImporter) -> (artifact id: '275a696ebc513035aed67ae8df9378c3') in 0.8358735 seconds
Number of updated asset objects reloaded before import = 0Number of asset objects unloaded after import = 50

========================================================================
Received Import Request.
  Time since last request: 0.000040 seconds.
  path: Assets/Settings/Mobile_RPAsset.asset
  artifactKey: Guid(5e6cbd92db86f4b18aec3ed561671858) Importer(2089858483,192608db42251d675da83286b1cce702)
Start importing Assets/Settings/Mobile_RPAsset.asset using Guid(5e6cbd92db86f4b18aec3ed561671858) Importer(2089858483,192608db42251d675da83286b1cce702) (ScriptedImporter) -> (artifact id: '4a6bee70b17306fc58cbf010821b00d7') in 0.1907639 seconds
Number of updated asset objects reloaded before import = 0Number of asset objects unloaded after import = 2

========================================================================
Received Import Request.
  Time since last request: 0.000050 seconds.
  path: Assets/Realistic Tree/Prefabs/Standard/Spruce/Spruce 7.prefab
  artifactKey: Guid(f9f4ce864de28ef4db8d92dcbc242367) Importer(2089858483,3d70f49cd1c2eb9ae422958d1c652c6b)
Start importing Assets/Realistic Tree/Prefabs/Standard/Spruce/Spruce 7.prefab using Guid(f9f4ce864de28ef4db8d92dcbc242367) Importer(2089858483,3d70f49cd1c2eb9ae422958d1c652c6b) (ScriptedImporter) -> (artifact id: '3ab4be6d5123004537068b15dc72724b') in 0.0680121 seconds
Number of updated asset objects reloaded before import = 0Number of asset objects unloaded after import = 123

========================================================================
Received Import Request.
  Time since last request: 0.000035 seconds.
  path: Assets/Realistic Tree/Prefabs/HDRP/Birch/Birch 1.prefab
  artifactKey: Guid(67fc7923dbcf47447a74625d30aba72c) Importer(2089858483,192608db42251d675da83286b1cce702)
Start importing Assets/Realistic Tree/Prefabs/HDRP/Birch/Birch 1.prefab using Guid(67fc7923dbcf47447a74625d30aba72c) Importer(2089858483,192608db42251d675da83286b1cce702) (ScriptedImporter) -> (artifact id: 'c2eb743b8e09a0753ffe90bfb89417e3') in 0.0930715 seconds
Number of updated asset objects reloaded before import = 0Number of asset objects unloaded after import = 70

========================================================================
Received Import Request.
  Time since last request: 0.000054 seconds.
  path: Assets/Realistic Tree/Prefabs/HDRP/Birch/Birch 7.prefab
  artifactKey: Guid(02ee852280231ad40857931e325cff7d) Importer(2089858483,192608db42251d675da83286b1cce702)
Start importing Assets/Realistic Tree/Prefabs/HDRP/Birch/Birch 7.prefab using Guid(02ee852280231ad40857931e325cff7d) Importer(2089858483,192608db42251d675da83286b1cce702) (ScriptedImporter) -> (artifact id: 'fc89302917de17427579c9257e2355f7') in 0.108993 seconds
Number of updated asset objects reloaded before import = 0Number of asset objects unloaded after import = 50

========================================================================
Received Import Request.
  Time since last request: 0.000039 seconds.
  path: Assets/Realistic Tree/Prefabs/URP/Chestnut/Chestnut 3.prefab
  artifactKey: Guid(48c03ef913cc61846a12cb8f6dc7ff8e) Importer(2089858483,3d70f49cd1c2eb9ae422958d1c652c6b)
Start importing Assets/Realistic Tree/Prefabs/URP/Chestnut/Chestnut 3.prefab using Guid(48c03ef913cc61846a12cb8f6dc7ff8e) Importer(2089858483,3d70f49cd1c2eb9ae422958d1c652c6b) (ScriptedImporter) -> (artifact id: 'e3a6fdba6c1687925352ed187fb071e1') in 0.0777131 seconds
Number of updated asset objects reloaded before import = 0Number of asset objects unloaded after import = 163

========================================================================
Received Import Request.
  Time since last request: 0.000058 seconds.
  path: Assets/Realistic Tree/Prefabs/URP/Birch/Birch 3.prefab
  artifactKey: Guid(dad071d6bb455bd4ea32d2b486ffeae1) Importer(2089858483,3d70f49cd1c2eb9ae422958d1c652c6b)
Start importing Assets/Realistic Tree/Prefabs/URP/Birch/Birch 3.prefab using Guid(dad071d6bb455bd4ea32d2b486ffeae1) Importer(2089858483,3d70f49cd1c2eb9ae422958d1c652c6b) (ScriptedImporter) -> (artifact id: '29698d29ef5d8af191aaf8faf0e42378') in 0.0689639 seconds
Number of updated asset objects reloaded before import = 0Number of asset objects unloaded after import = 126

========================================================================
Received Import Request.
  Time since last request: 0.000043 seconds.
  path: Assets/Realistic Tree/Prefabs/URP/Chestnut/Chestnut 2.prefab
  artifactKey: Guid(39460f06c7d6a25459bdfcf49f99a801) Importer(2089858483,192608db42251d675da83286b1cce702)
Start importing Assets/Realistic Tree/Prefabs/URP/Chestnut/Chestnut 2.prefab using Guid(39460f06c7d6a25459bdfcf49f99a801) Importer(2089858483,192608db42251d675da83286b1cce702) (ScriptedImporter) -> (artifact id: '8a5f0c36747f91a5cd133efe7e9239f7') in 0.1296029 seconds
Number of updated asset objects reloaded before import = 0Number of asset objects unloaded after import = 90

========================================================================
Received Import Request.
  Time since last request: 0.000061 seconds.
  path: Assets/Realistic Tree/Prefabs/HDRP/Birch/Birch Group 2.prefab
  artifactKey: Guid(66e905f187ec10d40a576a04edf27a5b) Importer(2089858483,192608db42251d675da83286b1cce702)
Start importing Assets/Realistic Tree/Prefabs/HDRP/Birch/Birch Group 2.prefab using Guid(66e905f187ec10d40a576a04edf27a5b) Importer(2089858483,192608db42251d675da83286b1cce702) (ScriptedImporter) -> (artifact id: '427dc969d132bbde27c8adc7e0aa499b') in 0.107355 seconds
Number of updated asset objects reloaded before import = 0Number of asset objects unloaded after import = 70

========================================================================
Received Import Request.
  Time since last request: 0.000043 seconds.
  path: Assets/Realistic Tree/Prefabs/URP/Spruce/Spruce 7.prefab
  artifactKey: Guid(bdb54f87028a0a142825ab3bb011519a) Importer(2089858483,192608db42251d675da83286b1cce702)
Start importing Assets/Realistic Tree/Prefabs/URP/Spruce/Spruce 7.prefab using Guid(bdb54f87028a0a142825ab3bb011519a) Importer(2089858483,192608db42251d675da83286b1cce702) (ScriptedImporter) -> (artifact id: '4aed190610247b79a774901fa35833ce') in 0.0571697 seconds
Number of updated asset objects reloaded before import = 0Number of asset objects unloaded after import = 67

========================================================================
Received Import Request.
  Time since last request: 0.000077 seconds.
  path: Assets/Realistic Tree/Prefabs/Standard/Birch/Birch 5.prefab
  artifactKey: Guid(36acd1bd5b29c4742824737019d6f2aa) Importer(2089858483,192608db42251d675da83286b1cce702)
Start importing Assets/Realistic Tree/Prefabs/Standard/Birch/Birch 5.prefab using Guid(36acd1bd5b29c4742824737019d6f2aa) Importer(2089858483,192608db42251d675da83286b1cce702) (ScriptedImporter) -> (artifact id: '51d4b290beac77afec8fb23e115d88ba') in 0.1203082 seconds
Number of updated asset objects reloaded before import = 0Number of asset objects unloaded after import = 70

========================================================================
Received Import Request.
  Time since last request: 0.000043 seconds.
  path: Assets/Realistic Tree/Source/Models/Ash/Ash_2.fbx
  artifactKey: Guid(50e2cd5e22790be4f9314fe8f90a6fa6) Importer(2089858483,192608db42251d675da83286b1cce702)
Start importing Assets/Realistic Tree/Source/Models/Ash/Ash_2.fbx using Guid(50e2cd5e22790be4f9314fe8f90a6fa6) Importer(2089858483,192608db42251d675da83286b1cce702) (ScriptedImporter) -> (artifact id: '25c2b97422b8eec1aa957e500ab8cb28') in 0.2105205 seconds
Number of updated asset objects reloaded before import = 0Number of asset objects unloaded after import = 65

========================================================================
Received Import Request.
  Time since last request: 0.000055 seconds.
  path: Assets/Realistic Tree/Source/Models/Ash/Ash_4.fbx
  artifactKey: Guid(0c659ee1da62aec498924a350ab501f5) Importer(2089858483,192608db42251d675da83286b1cce702)
Start importing Assets/Realistic Tree/Source/Models/Ash/Ash_4.fbx using Guid(0c659ee1da62aec498924a350ab501f5) Importer(2089858483,192608db42251d675da83286b1cce702) (ScriptedImporter) -> (artifact id: '5d1cb0bc0db31d385dbee60ccfb78296') in 0.0925327 seconds
Number of updated asset objects reloaded before import = 0Number of asset objects unloaded after import = 65

========================================================================
Received Import Request.
  Time since last request: 0.000042 seconds.
  path: Assets/Realistic Tree/Source/Models/Ash/Ash_7.fbx
  artifactKey: Guid(5c27358fbf70b91439f3ea582c3f1169) Importer(2089858483,192608db42251d675da83286b1cce702)
Start importing Assets/Realistic Tree/Source/Models/Ash/Ash_7.fbx using Guid(5c27358fbf70b91439f3ea582c3f1169) Importer(2089858483,192608db42251d675da83286b1cce702) (ScriptedImporter) -> (artifact id: 'd68ce62f69a394aefefd985ea77c27db') in 0.1213957 seconds
Number of updated asset objects reloaded before import = 0Number of asset objects unloaded after import = 65

========================================================================
Received Import Request.
  Time since last request: 0.000069 seconds.
  path: Assets/Realistic Tree/Source/Models/Birch/Birch_7.fbx
  artifactKey: Guid(78b4adbe06b07174291600873fa98c87) Importer(2089858483,192608db42251d675da83286b1cce702)
Start importing Assets/Realistic Tree/Source/Models/Birch/Birch_7.fbx using Guid(78b4adbe06b07174291600873fa98c87) Importer(2089858483,192608db42251d675da83286b1cce702) (ScriptedImporter) -> (artifact id: '4bacffc0b5d41b4e9556c30945b093e9') in 0.0936559 seconds
Number of updated asset objects reloaded before import = 0Number of asset objects unloaded after import = 45

========================================================================
Received Import Request.
  Time since last request: 0.000030 seconds.
  path: Assets/Realistic Tree/Source/Models/Chestnut/Chestnut_6.fbx
  artifactKey: Guid(6ec9fc7d507c19d4a80adbcc93327c36) Importer(2089858483,192608db42251d675da83286b1cce702)
Start importing Assets/Realistic Tree/Source/Models/Chestnut/Chestnut_6.fbx using Guid(6ec9fc7d507c19d4a80adbcc93327c36) Importer(2089858483,192608db42251d675da83286b1cce702) (ScriptedImporter) -> (artifact id: 'cc279118b21e67fbe1939ed6b8c297a2') in 0.1125684 seconds
Number of updated asset objects reloaded before import = 0Number of asset objects unloaded after import = 105

========================================================================
Received Import Request.
  Time since last request: 0.000057 seconds.
  path: Assets/Realistic Tree/Source/Models/Chestnut/Chestnut_1.fbx
  artifactKey: Guid(7028a30082926d24f9168b77ffa645c0) Importer(2089858483,192608db42251d675da83286b1cce702)
Start importing Assets/Realistic Tree/Source/Models/Chestnut/Chestnut_1.fbx using Guid(7028a30082926d24f9168b77ffa645c0) Importer(2089858483,192608db42251d675da83286b1cce702) (ScriptedImporter) -> (artifact id: '4f2b26d92468436b45f37e62bd91d94d') in 0.2103866 seconds
Number of updated asset objects reloaded before import = 0Number of asset objects unloaded after import = 85

========================================================================
Received Import Request.
  Time since last request: 0.000040 seconds.
  path: Assets/Realistic Tree/Source/Models/Spruce/Spruce_Group_1.fbx
  artifactKey: Guid(df8a6aaf352648447afd2d4501297331) Importer(2089858483,192608db42251d675da83286b1cce702)
Start importing Assets/Realistic Tree/Source/Models/Spruce/Spruce_Group_1.fbx using Guid(df8a6aaf352648447afd2d4501297331) Importer(2089858483,192608db42251d675da83286b1cce702) (ScriptedImporter) -> (artifact id: '80cc5a73cad9fafde85aae7f3e7e4ef9') in 0.1825291 seconds
Number of updated asset objects reloaded before import = 0Number of asset objects unloaded after import = 65

========================================================================
Received Import Request.
  Time since last request: 0.000054 seconds.
  path: Assets/Realistic Tree/Prefabs/Standard/Weeping Willow/Weeping_Willow 8.prefab
  artifactKey: Guid(1b52bae7d0bbb564da85b5fcdcc5b3da) Importer(2089858483,192608db42251d675da83286b1cce702)
Start importing Assets/Realistic Tree/Prefabs/Standard/Weeping Willow/Weeping_Willow 8.prefab using Guid(1b52bae7d0bbb564da85b5fcdcc5b3da) Importer(2089858483,192608db42251d675da83286b1cce702) (ScriptedImporter) -> (artifact id: '06973941d9b126f6a8d0c95d3948deca') in 0.3124605 seconds
Number of updated asset objects reloaded before import = 0Number of asset objects unloaded after import = 50

========================================================================
Received Import Request.
  Time since last request: 0.000044 seconds.
  path: Assets/Realistic Tree/Source/Models/Weeping Willow/Willow_8.fbx
  artifactKey: Guid(8a494c8aa994f3d4bbb033b576a828b0) Importer(2089858483,192608db42251d675da83286b1cce702)
Start importing Assets/Realistic Tree/Source/Models/Weeping Willow/Willow_8.fbx using Guid(8a494c8aa994f3d4bbb033b576a828b0) Importer(2089858483,192608db42251d675da83286b1cce702) (ScriptedImporter) -> (artifact id: 'b9d9c8888216de6f4e95a2e95a9a7898') in 0.1278915 seconds
Number of updated asset objects reloaded before import = 0Number of asset objects unloaded after import = 45

========================================================================
Received Import Request.
  Time since last request: 0.000048 seconds.
  path: Assets/Realistic Tree/Source/Textures/Chestnut/Chestnut_Bark.png
  artifactKey: Guid(661adfe1daaf31a4c862de76e5c0456c) Importer(2089858483,192608db42251d675da83286b1cce702)
Start importing Assets/Realistic Tree/Source/Textures/Chestnut/Chestnut_Bark.png using Guid(661adfe1daaf31a4c862de76e5c0456c) Importer(2089858483,192608db42251d675da83286b1cce702) (ScriptedImporter) -> (artifact id: 'bac84d6839ba1b9fb111fb17d1633242') in 0.2535911 seconds
Number of updated asset objects reloaded before import = 0Number of asset objects unloaded after import = 1

========================================================================
Received Import Request.
  Time since last request: 0.000043 seconds.
  path: Assets/Realistic Tree/Source/Materials/HDRP/Bark/Birch.mat
  artifactKey: Guid(2d3189f7c59c58e49a0758818271ffc1) Importer(2089858483,192608db42251d675da83286b1cce702)
Start importing Assets/Realistic Tree/Source/Materials/HDRP/Bark/Birch.mat using Guid(2d3189f7c59c58e49a0758818271ffc1) Importer(2089858483,192608db42251d675da83286b1cce702) (ScriptedImporter) -> (artifact id: '9524f9beaa65ae0a0cfc1a1b0802aa4d') in 0.2094604 seconds
Number of updated asset objects reloaded before import = 0Number of asset objects unloaded after import = 6

========================================================================
Received Import Request.
  Time since last request: 0.000052 seconds.
  path: Assets/Realistic Tree/Source/Materials/HDRP/Falling Leaves/Chestnut_Single.mat
  artifactKey: Guid(c82a2f5b1a7e67e4b8a445e8c336df26) Importer(2089858483,192608db42251d675da83286b1cce702)
Start importing Assets/Realistic Tree/Source/Materials/HDRP/Falling Leaves/Chestnut_Single.mat using Guid(c82a2f5b1a7e67e4b8a445e8c336df26) Importer(2089858483,192608db42251d675da83286b1cce702) (ScriptedImporter) -> (artifact id: 'fb8e31a9fff09c83b6b4e6a925502f03') in 0.0736919 seconds
Number of updated asset objects reloaded before import = 0Number of asset objects unloaded after import = 1

========================================================================
Received Import Request.
  Time since last request: 0.000036 seconds.
  path: Assets/Realistic Tree/Source/Materials/Standard/Bark/Spruce.mat
  artifactKey: Guid(62f82c6bf6d10f7479cf6be0b04b0fd5) Importer(2089858483,192608db42251d675da83286b1cce702)
Start importing Assets/Realistic Tree/Source/Materials/Standard/Bark/Spruce.mat using Guid(62f82c6bf6d10f7479cf6be0b04b0fd5) Importer(2089858483,192608db42251d675da83286b1cce702) (ScriptedImporter) -> (artifact id: '7ce909ef3f2163ad6b6d784d94c87961') in 0.3108912 seconds
Number of updated asset objects reloaded before import = 0Number of asset objects unloaded after import = 3

========================================================================
Received Import Request.
  Time since last request: 0.000060 seconds.
  path: Assets/Realistic Tree/Source/Materials/URP/Bark/Chestnut.mat
  artifactKey: Guid(b04c48f9a93c3504db4e07eec1d84284) Importer(2089858483,192608db42251d675da83286b1cce702)
Start importing Assets/Realistic Tree/Source/Materials/URP/Bark/Chestnut.mat using Guid(b04c48f9a93c3504db4e07eec1d84284) Importer(2089858483,192608db42251d675da83286b1cce702) (ScriptedImporter) -> (artifact id: 'f9c79f6f53f82e9cf1bc57c1636de05d') in 0.1823671 seconds
Number of updated asset objects reloaded before import = 0Number of asset objects unloaded after import = 10

========================================================================
Received Import Request.
  Time since last request: 0.000034 seconds.
  path: Assets/Realistic Tree/Prefabs/Standard/Chestnut/Leaf_3.png
  artifactKey: Guid(01117fc70a3880a45897e1c6d5cf6978) Importer(2089858483,192608db42251d675da83286b1cce702)
Start importing Assets/Realistic Tree/Prefabs/Standard/Chestnut/Leaf_3.png using Guid(01117fc70a3880a45897e1c6d5cf6978) Importer(2089858483,192608db42251d675da83286b1cce702) (ScriptedImporter) -> (artifact id: 'cefc8bdf34d9e7e6e8be616343e13738') in 0.1651331 seconds
Number of updated asset objects reloaded before import = 0Number of asset objects unloaded after import = 1

========================================================================
Received Import Request.
  Time since last request: 0.000053 seconds.
  path: Assets/Realistic Tree/Prefabs/HDRP/Birch/Birch 4.prefab
  artifactKey: Guid(620bbd58089cc524d87ebdf951a4c96d) Importer(2089858483,3d70f49cd1c2eb9ae422958d1c652c6b)
Start importing Assets/Realistic Tree/Prefabs/HDRP/Birch/Birch 4.prefab using Guid(620bbd58089cc524d87ebdf951a4c96d) Importer(2089858483,3d70f49cd1c2eb9ae422958d1c652c6b) (ScriptedImporter) -> (artifact id: 'cbdbbea91453ff05917ace74d51ce609') in 0.0994251 seconds
Number of updated asset objects reloaded before import = 0Number of asset objects unloaded after import = 128

========================================================================
Received Import Request.
  Time since last request: 0.000099 seconds.
  path: Assets/Realistic Tree/Prefabs/Standard/Spruce/Spruce 10.prefab
  artifactKey: Guid(5d5b6367d91d1fa4eb041898c9ace397) Importer(2089858483,192608db42251d675da83286b1cce702)
Start importing Assets/Realistic Tree/Prefabs/Standard/Spruce/Spruce 10.prefab using Guid(5d5b6367d91d1fa4eb041898c9ace397) Importer(2089858483,192608db42251d675da83286b1cce702) (ScriptedImporter) -> (artifact id: '6733748119d5ca87841ed9f0d4e85fb0') in 0.0266797 seconds
Number of updated asset objects reloaded before import = 0Number of asset objects unloaded after import = 67

========================================================================
Received Import Request.
  Time since last request: 0.000060 seconds.
  path: Assets/Realistic Tree/Source/Materials/HDRP/Leaves/Spruce/Spruce_1.mat
  artifactKey: Guid(f95156f974481524282344941fddaa96) Importer(2089858483,192608db42251d675da83286b1cce702)
Start importing Assets/Realistic Tree/Source/Materials/HDRP/Leaves/Spruce/Spruce_1.mat using Guid(f95156f974481524282344941fddaa96) Importer(2089858483,192608db42251d675da83286b1cce702) (ScriptedImporter) -> (artifact id: '8a1318bf890547d729fc5cbcc3af23c1') in 0.0269804 seconds
Number of updated asset objects reloaded before import = 0Number of asset objects unloaded after import = 3

========================================================================
Received Import Request.
  Time since last request: 0.000033 seconds.
  path: Assets/Realistic Tree/Prefabs/Standard/Weeping Willow/Weeping_Willow 2.prefab
  artifactKey: Guid(14949a7dcf78e414eb1b3e6addaa2905) Importer(2089858483,3d70f49cd1c2eb9ae422958d1c652c6b)
Start importing Assets/Realistic Tree/Prefabs/Standard/Weeping Willow/Weeping_Willow 2.prefab using Guid(14949a7dcf78e414eb1b3e6addaa2905) Importer(2089858483,3d70f49cd1c2eb9ae422958d1c652c6b) (ScriptedImporter) -> (artifact id: '138fd772846fae465a98de523e6dbba2') in 0.0313232 seconds
Number of updated asset objects reloaded before import = 0Number of asset objects unloaded after import = 89

========================================================================
Received Import Request.
  Time since last request: 0.000078 seconds.
  path: Assets/Realistic Tree/Prefabs/URP/Weeping Willow/Weeping_Willow 5.prefab
  artifactKey: Guid(5c12347a16d26c54581c374aee9a306f) Importer(2089858483,3d70f49cd1c2eb9ae422958d1c652c6b)
Start importing Assets/Realistic Tree/Prefabs/URP/Weeping Willow/Weeping_Willow 5.prefab using Guid(5c12347a16d26c54581c374aee9a306f) Importer(2089858483,3d70f49cd1c2eb9ae422958d1c652c6b) (ScriptedImporter) -> (artifact id: '4c8d145c9edaa0bcc6b4f6a8a20a9d84') in 0.0859402 seconds
Number of updated asset objects reloaded before import = 0Number of asset objects unloaded after import = 89

========================================================================
Received Import Request.
  Time since last request: 0.000054 seconds.
  path: Assets/Realistic Tree/Source/Materials/Standard/Leaves/Chestnut/Chestnut_Big_Leaves.mat
  artifactKey: Guid(e6e7cefe17ea88642be02ec6d18a0680) Importer(2089858483,192608db42251d675da83286b1cce702)
Start importing Assets/Realistic Tree/Source/Materials/Standard/Leaves/Chestnut/Chestnut_Big_Leaves.mat using Guid(e6e7cefe17ea88642be02ec6d18a0680) Importer(2089858483,192608db42251d675da83286b1cce702) (ScriptedImporter) -> (artifact id: '80b58e3f2c7ef2c40f8c10fc6d90e6f7') in 0.0253172 seconds
Number of updated asset objects reloaded before import = 0Number of asset objects unloaded after import = 2

========================================================================
Received Import Request.
  Time since last request: 0.000029 seconds.
  path: Assets/Realistic Tree/Prefabs/URP/Birch/Birch 2.prefab
  artifactKey: Guid(d84fef165871de449b201d71418260b4) Importer(2089858483,192608db42251d675da83286b1cce702)
Start importing Assets/Realistic Tree/Prefabs/URP/Birch/Birch 2.prefab using Guid(d84fef165871de449b201d71418260b4) Importer(2089858483,192608db42251d675da83286b1cce702) (ScriptedImporter) -> (artifact id: '0535487a47dd4720458a1af81a24026c') in 0.1237278 seconds
Number of updated asset objects reloaded before import = 0Number of asset objects unloaded after import = 70

========================================================================
Received Import Request.
  Time since last request: 0.000048 seconds.
  path: Assets/Realistic Tree/Source/Models/Weeping Willow/Willow_4.fbx
  artifactKey: Guid(ab288b84fcd885244a4cc3ae96f33e3c) Importer(2089858483,192608db42251d675da83286b1cce702)
Start importing Assets/Realistic Tree/Source/Models/Weeping Willow/Willow_4.fbx using Guid(ab288b84fcd885244a4cc3ae96f33e3c) Importer(2089858483,192608db42251d675da83286b1cce702) (ScriptedImporter) -> (artifact id: '5728d37afa480819f300ad628669bc81') in 0.0891371 seconds
Number of updated asset objects reloaded before import = 0Number of asset objects unloaded after import = 45

========================================================================
Received Import Request.
  Time since last request: 0.000053 seconds.
  path: Assets/Realistic Tree/Prefabs/Standard/Spruce/Spruce Group 2.prefab
  artifactKey: Guid(050388e419c7ce5448a238b470cedaba) Importer(2089858483,3d70f49cd1c2eb9ae422958d1c652c6b)
Start importing Assets/Realistic Tree/Prefabs/Standard/Spruce/Spruce Group 2.prefab using Guid(050388e419c7ce5448a238b470cedaba) Importer(2089858483,3d70f49cd1c2eb9ae422958d1c652c6b) (ScriptedImporter) -> (artifact id: 'afc74739a1ef2e7e08e98a31f11eef8a') in 0.0602814 seconds
Number of updated asset objects reloaded before import = 0Number of asset objects unloaded after import = 123

========================================================================
Received Import Request.
  Time since last request: 0.000034 seconds.
  path: Assets/Realistic Tree/Prefabs/URP/Spruce/Spruce Group 1.prefab
  artifactKey: Guid(d4102692591f5344dbdfc15a6f69445c) Importer(2089858483,192608db42251d675da83286b1cce702)
Start importing Assets/Realistic Tree/Prefabs/URP/Spruce/Spruce Group 1.prefab using Guid(d4102692591f5344dbdfc15a6f69445c) Importer(2089858483,192608db42251d675da83286b1cce702) (ScriptedImporter) -> (artifact id: 'd3465013ff5f5998ab812eb24a12f0ff') in 0.0718108 seconds
Number of updated asset objects reloaded before import = 0Number of asset objects unloaded after import = 67

========================================================================
Received Import Request.
  Time since last request: 0.000041 seconds.
  path: Assets/Realistic Tree/Shader/HDRP/Leaves_HDRP.shadergraph
  artifactKey: Guid(c45aeabfdfc23414d8adb56e7f18f26d) Importer(2089858483,192608db42251d675da83286b1cce702)
Start importing Assets/Realistic Tree/Shader/HDRP/Leaves_HDRP.shadergraph using Guid(c45aeabfdfc23414d8adb56e7f18f26d) Importer(2089858483,192608db42251d675da83286b1cce702) (ScriptedImporter) -> (artifact id: '356cea79aa050e29c537fc1383fb49b9') in 0.021637 seconds
Number of updated asset objects reloaded before import = 0Number of asset objects unloaded after import = 3

========================================================================
Received Import Request.
  Time since last request: 0.000050 seconds.
  path: Assets/Realistic Tree/Prefabs/Standard/Weeping Willow/Weeping_Willow 7.prefab
  artifactKey: Guid(14a2444a931a5fb4695aee62a78dc2c9) Importer(2089858483,3d70f49cd1c2eb9ae422958d1c652c6b)
Start importing Assets/Realistic Tree/Prefabs/Standard/Weeping Willow/Weeping_Willow 7.prefab using Guid(14a2444a931a5fb4695aee62a78dc2c9) Importer(2089858483,3d70f49cd1c2eb9ae422958d1c652c6b) (ScriptedImporter) -> (artifact id: 'a7fe9aa0583ec85df3f20055bd04542a') in 0.0608391 seconds
Number of updated asset objects reloaded before import = 0Number of asset objects unloaded after import = 89

========================================================================
Received Import Request.
  Time since last request: 0.000049 seconds.
  path: Assets/Realistic Tree/Prefabs/URP/Ash/Ash 1.prefab
  artifactKey: Guid(3bcf6e78553a7f54c8bf39912b4124e3) Importer(2089858483,3d70f49cd1c2eb9ae422958d1c652c6b)
Start importing Assets/Realistic Tree/Prefabs/URP/Ash/Ash 1.prefab using Guid(3bcf6e78553a7f54c8bf39912b4124e3) Importer(2089858483,3d70f49cd1c2eb9ae422958d1c652c6b) (ScriptedImporter) -> (artifact id: '68a74c7892050124ee32ef162437f667') in 0.072231 seconds
Number of updated asset objects reloaded before import = 0Number of asset objects unloaded after import = 126

========================================================================
Received Import Request.
  Time since last request: 0.000057 seconds.
  path: Assets/Realistic Tree/Prefabs/HDRP/Ash/Ash 8.prefab
  artifactKey: Guid(1e1d12b3f752ccf478e7510a3fa12347) Importer(2089858483,3d70f49cd1c2eb9ae422958d1c652c6b)
Start importing Assets/Realistic Tree/Prefabs/HDRP/Ash/Ash 8.prefab using Guid(1e1d12b3f752ccf478e7510a3fa12347) Importer(2089858483,3d70f49cd1c2eb9ae422958d1c652c6b) (ScriptedImporter) -> (artifact id: '065e72953818fe0e6157cf369fb79112') in 0.0556682 seconds
Number of updated asset objects reloaded before import = 0Number of asset objects unloaded after import = 128

========================================================================
Received Import Request.
  Time since last request: 0.000050 seconds.
  path: Assets/Realistic Tree/Prefabs/Standard/Birch/Birch Group 1.prefab
  artifactKey: Guid(fd9c010c779652042aae3bf9c3e09e84) Importer(2089858483,192608db42251d675da83286b1cce702)
Start importing Assets/Realistic Tree/Prefabs/Standard/Birch/Birch Group 1.prefab using Guid(fd9c010c779652042aae3bf9c3e09e84) Importer(2089858483,192608db42251d675da83286b1cce702) (ScriptedImporter) -> (artifact id: '0ccaad50fba4b6db0f788ca50c3c3008') in 0.1373692 seconds
Number of updated asset objects reloaded before import = 0Number of asset objects unloaded after import = 70

========================================================================
Received Import Request.
  Time since last request: 0.000054 seconds.
  path: Assets/Realistic Tree/Prefabs/URP/Spruce/Spruce 8.prefab
  artifactKey: Guid(16c89684cc110f94fa0d913f5ac4611d) Importer(2089858483,192608db42251d675da83286b1cce702)
Start importing Assets/Realistic Tree/Prefabs/URP/Spruce/Spruce 8.prefab using Guid(16c89684cc110f94fa0d913f5ac4611d) Importer(2089858483,192608db42251d675da83286b1cce702) (ScriptedImporter) -> (artifact id: '3a1ede5f9b8564397e964a93178d9786') in 0.0875182 seconds
Number of updated asset objects reloaded before import = 0Number of asset objects unloaded after import = 67

========================================================================
Received Import Request.
  Time since last request: 0.000039 seconds.
  path: Assets/Realistic Tree/Source/Materials/URP/Leaves/Chestnut/Chestnut_2.mat
  artifactKey: Guid(9233e2518ec831f4b977f823ab2a830b) Importer(2089858483,192608db42251d675da83286b1cce702)
Start importing Assets/Realistic Tree/Source/Materials/URP/Leaves/Chestnut/Chestnut_2.mat using Guid(9233e2518ec831f4b977f823ab2a830b) Importer(2089858483,192608db42251d675da83286b1cce702) (ScriptedImporter) -> (artifact id: '4e3747f089a2b1ca63ab9b0c3aad79a9') in 0.0194359 seconds
Number of updated asset objects reloaded before import = 0Number of asset objects unloaded after import = 7

========================================================================
Received Import Request.
  Time since last request: 0.000054 seconds.
  path: Assets/Realistic Tree/Prefabs/Standard/Weeping Willow/Weeping_Willow 1.prefab
  artifactKey: Guid(232690b25b4890646bded4e03741b215) Importer(2089858483,3d70f49cd1c2eb9ae422958d1c652c6b)
Start importing Assets/Realistic Tree/Prefabs/Standard/Weeping Willow/Weeping_Willow 1.prefab using Guid(232690b25b4890646bded4e03741b215) Importer(2089858483,3d70f49cd1c2eb9ae422958d1c652c6b) (ScriptedImporter) -> (artifact id: '28f2b4e2c34f0c2ebcadc3faa9333e5f') in 0.0464091 seconds
Number of updated asset objects reloaded before import = 0Number of asset objects unloaded after import = 89

Editor requested this worker to shutdown with reason: balancing worker count downwards
AssetImportWorker is now disconnected from the server
Process exiting
Exiting without the bug reporter. Application will terminate with return code 0